---
# Source: acs/templates/securedcluster-stackrox-secured-cluster-services.yaml
apiVersion: platform.stackrox.io/v1alpha1
kind: SecuredCluster
metadata:
  annotations:
    argocd.argoproj.io/sync-wave: "3"
  name: stackrox-secured-cluster-services
  namespace: stackrox
spec:
  clusterName: acs-secured
  auditLogs:
    collection: Auto
  admissionControl:
    listenOnUpdates: true
    bypass: BreakGlassAnnotation
    contactImageScanners: DoNotScanInline
    listenOnCreates: true
    timeoutSeconds: 3
    listenOnEvents: true
  centralEndpoint: central-stackrox.hub.example.com:443
  perNode:
    collector:
      collection: KernelModule
      imageFlavor: Regular
    taintToleration: TolerateTaints
