---
# Source: cli-tools/templates/buildConfig/bc.yaml
apiVersion: build.openshift.io/v1
kind: BuildConfig
metadata:
  name: cli-tools
  namespace: openshift
  labels:
    app: cli-tools
spec:
  source:
    type: Git
    git:
      uri: https://github.com/hybrid-cloud-patterns/s2i-cli-tools
    contextDir: containerfiles
  strategy:
    type: Docker
    dockerStrategy:
      dockerfilePath: Dockerfile
      from:
        kind: ImageStreamTag
        namespace: openshift
        name: cli:latest
  output:
    to:
      kind: ImageStreamTag
      name: cli-tools:latest
  triggers:
  - type: ImageChange
---
# Source: cli-tools/templates/imageStreams/is.yaml
apiVersion: image.openshift.io/v1
kind: ImageStream
metadata:
  name: cli-tools
  namespace: openshift
spec:
  lookupPolicy:
    local: false
  tags:
  - name: image-registry.openshift-image-registry.svc:5000/openshift/cli
    from:
      kind: DockerImage
      name: image-registry.openshift-image-registry.svc:5000/openshift/cli
    referencePolicy:
      type: Source
