---
# Source: opp/templates/ocm-observability-bucket-claim.yaml
apiVersion: operator.openshift.io/v1
kind: Console
metadata:
  name: cluster
spec:
  plugins:
  - odf-console
---
# Source: opp/templates/clusterset-binding.yaml
apiVersion: cluster.open-cluster-management.io/v1beta1
kind: ManagedClusterSetBinding
metadata:
  name: default
  namespace: policies
spec:
  clusterSet: default
---
# Source: opp/templates/ocm-observability-bucket-claim.yaml
apiVersion: objectbucket.io/v1alpha1
kind: ObjectBucketClaim
metadata:
  name: obc-observability
  namespace: openshift-storage
spec:
  generateBucketName: obc-observability-bucket
  storageClassName: openshift-storage.noobaa.io
---
# Source: opp/templates/placement-hub.yaml
apiVersion: cluster.open-cluster-management.io/v1beta1
kind: Placement
metadata:
  labels:
    open-cluster-management.io/policy-set: openshift-plus
  name: placement-openshift-plus-hub
  namespace: policies
spec:
  predicates:
  - requiredClusterSelector:
      labelSelector:
        matchExpressions:
        - key: name
          operator: In
          values:
          - local-cluster
---
# Source: opp/templates/placement-managed.yaml
apiVersion: cluster.open-cluster-management.io/v1beta1
kind: Placement
metadata:
  labels:
    open-cluster-management.io/policy-set: openshift-plus
  name: placement-openshift-plus-managed
  namespace: policies
spec:
  predicates:
  - requiredClusterSelector:
      labelSelector:
        matchExpressions:
        - key: vendor
          operator: In
          values:
          - OpenShift
        - key: name
          operator: NotIn
          values:
          - local-cluster
---
# Source: opp/templates/placement-binding-hub.yaml
apiVersion: policy.open-cluster-management.io/v1
kind: PlacementBinding
metadata:
  labels:
    open-cluster-management.io/policy-set: openshift-plus
  name: binding-policy-openshift-plus-hub
  namespace: policies
placementRef:
  apiGroup: cluster.open-cluster-management.io
  kind: Placement
  name: placement-openshift-plus-hub
subjects:
- apiGroup: policy.open-cluster-management.io
  kind: PolicySet
  name: openshift-plus-hub
---
# Source: opp/templates/placement-binding-managed.yaml
apiVersion: policy.open-cluster-management.io/v1
kind: PlacementBinding
metadata:
  labels:
    open-cluster-management.io/policy-set: openshift-plus
  name: binding-policy-openshift-plus-managed
  namespace: policies
placementRef:
  apiGroup: cluster.open-cluster-management.io
  kind: Placement
  name: placement-openshift-plus-managed
subjects:
- apiGroup: policy.open-cluster-management.io
  kind: PolicySet
  name: openshift-plus-managed
---
# Source: opp/templates/policy-ocm-observability.yaml
apiVersion: policy.open-cluster-management.io/v1
kind: Policy
metadata:
  annotations:
    policy.open-cluster-management.io/categories: CA Assessment Authorization and
      Monitoring
    policy.open-cluster-management.io/controls: CA-7 Continuous Monitoring
    policy.open-cluster-management.io/standards: NIST SP 800-53
    argocd.argoproj.io/compare-options: IgnoreExtraneous
  labels:
    open-cluster-management.io/policy-set: openshift-plus
  name: policy-ocm-observability
  namespace: policies
spec:
  disabled: false
  policy-templates:
  - objectDefinition:
      apiVersion: policy.open-cluster-management.io/v1
      kind: ConfigurationPolicy
      metadata:
        name: policy-ocm-observability
        annotations:
          argocd.argoproj.io/compare-options: IgnoreExtraneous
      spec:
        object-templates:
        - complianceType: musthave
          objectDefinition:
            apiVersion: v1
            kind: Secret
            metadata:
              name: thanos-object-storage
              namespace: open-cluster-management-observability
            stringData:
              thanos.yaml: |
                type: s3
                config:
                  bucket: '{{ (lookup "objectbucket.io/v1alpha1" "ObjectBucket" "" "obc-openshift-storage-obc-observability").spec.endpoint.bucketName }}'
                  endpoint: '{{ (lookup "objectbucket.io/v1alpha1" "ObjectBucket" "" "obc-openshift-storage-obc-observability").spec.endpoint.bucketHost }}'
                  insecure: true
                  access_key: '{{ (lookup "v1" "Secret" "openshift-storage" "noobaa-admin").data.AWS_ACCESS_KEY_ID }}'
                  secret_key: '{{ (lookup "v1" "Secret" "openshift-storage" "noobaa-admin").data.AWS_SECRET_ACCESS_KEY }}'
              type: Opaque
        - complianceType: musthave
          objectDefinition:
            apiVersion: observability.open-cluster-management.io/v1beta2
            kind: MultiClusterObservability
            metadata:
              name: observability
            spec:
              observabilityAddonSpec: {}
              storageConfig:
                metricObjectStorage:
                  key: thanos.yaml
                  name: thanos-object-storage
        remediationAction: enforce
        severity: medium
---
# Source: opp/templates/policyset-hub.yaml
apiVersion: policy.open-cluster-management.io/v1beta1
kind: PolicySet
metadata:
  labels:
    open-cluster-management.io/policy-set: openshift-plus
  name: openshift-plus-hub
  namespace: policies
spec:
  description: The OpenShift Platform Plus policy set applies several policies that
    installs the OpenShift Platform Plus products using best practices that allow
    them to work well together. This policy set is focued on the components that install
    to the Advanced Cluster Management hub.
  policies:
  - policy-acs-central-status
  - policy-acs-secured-status
  - policy-ocm-observability
  - policy-odf-status
  - policy-quay-status
---
# Source: opp/templates/policyset-managed.yaml
apiVersion: policy.open-cluster-management.io/v1beta1
kind: PolicySet
metadata:
  labels:
    open-cluster-management.io/policy-set: openshift-plus
  name: openshift-plus-managed
  namespace: policies
spec:
  description: The OpenShift Platform Plus policy set applies several policies that
    installs the OpenShift Platform Plus products using best practices that allow
    them to work well together. This policy set if focued on the components that install
    to every managed cluster.
  policies:
  - policy-acs-secured-status
