---
# Source: quay/templates/rbac/sa-quay-bridge.yaml
apiVersion: v1
kind: ServiceAccount
metadata:
  name: acs-integration-sa
  namespace: stackrox
  annotations:
    argocd.argoproj.io/sync-wave: "-5"
---
# Source: quay/templates/rbac/role-acs-integration.yaml
apiVersion: rbac.authorization.k8s.io/v1
kind: ClusterRole
metadata:
  annotations:
    argocd.argoproj.io/sync-wave: "-5"
  name: acs-integration-role
rules:
  - apiGroups:
      - ""
    resources:
      - secrets
    verbs:
      - get
      - create
      - list
---
# Source: quay/templates/rbac/rolebinding-acs-integration.yaml
apiVersion: rbac.authorization.k8s.io/v1
kind: ClusterRoleBinding
metadata:
  name: acs-integration-binding
  annotations:
    argocd.argoproj.io/sync-wave: "-5"
roleRef:
  apiGroup: rbac.authorization.k8s.io
  kind: ClusterRole
  name: acs-integration-role
subjects:
  - kind: ServiceAccount
    name: acs-integration-sa
    namespace: stackrox
---
# Source: quay/templates/job-copy-acs-token.yaml
apiVersion: batch/v1
kind: Job
metadata:
  annotations:
    argocd.argoproj.io/hook: Sync
    argocd.argoproj.io/sync-wave: "6"
  name: copy-acs-token
  namespace: stackrox
spec:
  template:
    spec:
      containers: 
      - image: image-registry.openshift-image-registry.svc:5000/openshift/cli:latest
        command:
        - /bin/bash
        - -c
        - |
          # copy acs-api-token secret into pipeline namespace
          oc get secret acs-api-token --namespace=stackrox -oyaml | grep -v '\s*namespace:\s' |oc apply --namespace=devsecops-ci -f -
        name: copy-acs-token
      dnsPolicy: ClusterFirst
      activeDeadlineSeconds: 900
      restartPolicy: Never
      serviceAccountName: acs-integration-sa
      terminationGracePeriodSeconds: 60
