---
# Source: quay/templates/rbac/sa-quay-bridge.yaml
apiVersion: v1
kind: ServiceAccount
metadata:
  name: quay-bridge-sa
  namespace: openshift-operators
  annotations:
    argocd.argoproj.io/sync-wave: "-5"
---
# Source: quay/templates/rbac/role-quay-bridge.yaml
apiVersion: rbac.authorization.k8s.io/v1
kind: ClusterRole
metadata:
  annotations:
    argocd.argoproj.io/sync-wave: "-5"
  name: quay-bridge-role
rules:
  - apiGroups:
      - ""
    resources:
      - secrets
    verbs:
      - get
      - create
      - list
---
# Source: quay/templates/rbac/rolebinding-quay-bridge.yaml
apiVersion: rbac.authorization.k8s.io/v1
kind: ClusterRoleBinding
metadata:
  name: quay-bridge-binding
  annotations:
    argocd.argoproj.io/sync-wave: "-5"
roleRef:
  apiGroup: rbac.authorization.k8s.io
  kind: ClusterRole
  name: quay-bridge-role
subjects:
  - kind: ServiceAccount
    name: quay-bridge-sa
    namespace: openshift-operators
---
# Source: quay/templates/bridge/quay-integration.yaml
apiVersion: quay.redhat.com/v1
kind: QuayIntegration
metadata:
 name: quay
 annotations:
   argocd.argoproj.io/sync-wave: "8"
spec:
 clusterID: openshift
 credentialsSecret:
   name: quay-integration
   namespace: openshift-operators
# insecureRegistry: false
 insecureRegistry: true
 quayHostname: https://quay-registry-quay-quay-enterprise.AUTOMATIC
